../Core/Src/main.c:106:5:main	40	static
../Core/Src/main.c:312:6:SystemClock_Config	160	static
../Core/Src/main.c:362:13:MX_ADC1_Init	48	static
../Core/Src/main.c:465:13:MX_ADC2_Init	32	static
../Core/Src/main.c:586:13:MX_ADC3_Init	48	static
../Core/Src/main.c:671:13:MX_ADC4_Init	32	static
../Core/Src/main.c:747:13:MX_USART2_UART_Init	8	static
../Core/Src/main.c:782:13:MX_GPIO_Init	48	static
../Core/Src/main.c:809:1:__io_putchar	16	static
../Core/Src/main.c:821:6:Error_Handler	4	static,ignoring_inline_asm
