../Core/Src/main.c:102:5:main	48	static
../Core/Src/main.c:295:6:SystemClock_Config	160	static
../Core/Src/main.c:345:13:MX_ADC1_Init	48	static
../Core/Src/main.c:448:13:MX_ADC2_Init	32	static
../Core/Src/main.c:569:13:MX_ADC3_Init	48	static
../Core/Src/main.c:654:13:MX_ADC4_Init	32	static
../Core/Src/main.c:730:13:MX_USART2_UART_Init	8	static
../Core/Src/main.c:765:13:MX_GPIO_Init	48	static
../Core/Src/main.c:792:1:__io_putchar	16	static
../Core/Src/main.c:804:6:Error_Handler	4	static,ignoring_inline_asm
